Component: Arm Compiler for Embedded 6.19 Tool: armlink [5e73cb00]

==============================================================================

Section Cross References

    oskernel.o(.text.osKernelStackInit) refers to oskernel.o(.bss.TCB_STACK) for TCB_STACK
    oskernel.o(.text.osKernelStackInit) refers to oskernel.o(.bss.tcbs) for tcbs
    oskernel.o(.ARM.exidx.text.osKernelStackInit) refers to oskernel.o(.text.osKernelStackInit) for [Anonymous Symbol]
    oskernel.o(.text.osKernelAddThreads) refers to oskernel.o(.bss.TCB_STACK) for TCB_STACK
    oskernel.o(.text.osKernelAddThreads) refers to oskernel.o(.bss.tcbs) for tcbs
    oskernel.o(.text.osKernelAddThreads) refers to oskernel.o(.bss.currentPt) for currentPt
    oskernel.o(.ARM.exidx.text.osKernelAddThreads) refers to oskernel.o(.text.osKernelAddThreads) for [Anonymous Symbol]
    oskernel.o(.text.osKernelInit) refers to oskernel.o(.bss.MILLIS_PRESCALER) for MILLIS_PRESCALER
    oskernel.o(.ARM.exidx.text.osKernelInit) refers to oskernel.o(.text.osKernelInit) for [Anonymous Symbol]
    oskernel.o(.text.osKernelLaunch) refers to oskernel.o(.bss.MILLIS_PRESCALER) for MILLIS_PRESCALER
    oskernel.o(.text.osKernelLaunch) refers to oskernel_1.o(.text) for osSchedularLaunch
    oskernel.o(.ARM.exidx.text.osKernelLaunch) refers to oskernel.o(.text.osKernelLaunch) for [Anonymous Symbol]
    oskernel.o(.ARM.exidx.text.osThreadYield) refers to oskernel.o(.text.osThreadYield) for [Anonymous Symbol]
    oskernel.o(.ARM.exidx.text.SysTick_Handler) refers to oskernel.o(.text.SysTick_Handler) for [Anonymous Symbol]
    oskernel.o(.text.osSchedulerRoundRobin) refers to oskernel.o(.bss.Period_Tick) for Period_Tick
    oskernel.o(.text.osSchedulerRoundRobin) refers to main.o(.text.periodic_Task) for periodic_Task
    oskernel.o(.text.osSchedulerRoundRobin) refers to oskernel.o(.bss.currentPt) for currentPt
    oskernel.o(.ARM.exidx.text.osSchedulerRoundRobin) refers to oskernel.o(.text.osSchedulerRoundRobin) for [Anonymous Symbol]
    oskernel.o(.ARM.exidx.text.osSemaphoreInit) refers to oskernel.o(.text.osSemaphoreInit) for [Anonymous Symbol]
    oskernel.o(.ARM.exidx.text.osSignalSet) refers to oskernel.o(.text.osSignalSet) for [Anonymous Symbol]
    oskernel.o(.ARM.exidx.text.osSignalWait) refers to oskernel.o(.text.osSignalWait) for [Anonymous Symbol]
    oskernel_1.o(.text) refers to oskernel.o(.text.osSchedulerRoundRobin) for osSchedulerRoundRobin
    oskernel_1.o(.text) refers to oskernel.o(.bss.currentPt) for currentPt
    main.o(.text.Task0) refers to main.o(.bss.count0) for count0
    main.o(.text.Task0) refers to stm32f4_rtos_bsp.o(.text.BSP_LED_redOn) for BSP_LED_redOn
    main.o(.text.Task0) refers to stm32f4_rtos_bsp.o(.text.BSP_LED_blueOff) for BSP_LED_blueOff
    main.o(.text.Task0) refers to stm32f4_rtos_bsp.o(.text.BSP_LED_orangeOff) for BSP_LED_orangeOff
    main.o(.ARM.exidx.text.Task0) refers to main.o(.text.Task0) for [Anonymous Symbol]
    main.o(.text.periodic_Task) refers to main.o(.bss.periodic_count) for periodic_count
    main.o(.text.periodic_Task) refers to stm32f4_rtos_bsp.o(.text.BSP_LED_redOff) for BSP_LED_redOff
    main.o(.text.periodic_Task) refers to stm32f4_rtos_bsp.o(.text.BSP_LED_blueOff) for BSP_LED_blueOff
    main.o(.text.periodic_Task) refers to stm32f4_rtos_bsp.o(.text.BSP_LED_orangeOff) for BSP_LED_orangeOff
    main.o(.ARM.exidx.text.periodic_Task) refers to main.o(.text.periodic_Task) for [Anonymous Symbol]
    main.o(.text.Task1) refers to main.o(.bss.Semphor1) for Semphor1
    main.o(.text.Task1) refers to main.o(.data.task1_arr) for task1_arr
    main.o(.text.Task1) refers to main.o(.bss.Semphor2) for Semphor2
    main.o(.text.Task1) refers to main.o(.bss.count1) for count1
    main.o(.text.Task1) refers to oskernel.o(.text.osSignalWait) for osSignalWait
    main.o(.text.Task1) refers to stm32f4_rtos_bsp.o(.text.UART5_SendString) for UART5_SendString
    main.o(.text.Task1) refers to oskernel.o(.text.osSignalSet) for osSignalSet
    main.o(.text.Task1) refers to stm32f4_rtos_bsp.o(.text.BSP_LED_redOff) for BSP_LED_redOff
    main.o(.text.Task1) refers to stm32f4_rtos_bsp.o(.text.BSP_LED_blueOn) for BSP_LED_blueOn
    main.o(.text.Task1) refers to stm32f4_rtos_bsp.o(.text.BSP_LED_orangeOff) for BSP_LED_orangeOff
    main.o(.ARM.exidx.text.Task1) refers to main.o(.text.Task1) for [Anonymous Symbol]
    main.o(.text.Task2) refers to main.o(.bss.Semphor2) for Semphor2
    main.o(.text.Task2) refers to main.o(.data.task2_arr) for task2_arr
    main.o(.text.Task2) refers to main.o(.bss.Semphor1) for Semphor1
    main.o(.text.Task2) refers to main.o(.bss.count2) for count2
    main.o(.text.Task2) refers to oskernel.o(.text.osSignalWait) for osSignalWait
    main.o(.text.Task2) refers to stm32f4_rtos_bsp.o(.text.UART5_SendString) for UART5_SendString
    main.o(.text.Task2) refers to oskernel.o(.text.osSignalSet) for osSignalSet
    main.o(.text.Task2) refers to stm32f4_rtos_bsp.o(.text.BSP_LED_redOff) for BSP_LED_redOff
    main.o(.text.Task2) refers to stm32f4_rtos_bsp.o(.text.BSP_LED_blueOff) for BSP_LED_blueOff
    main.o(.text.Task2) refers to stm32f4_rtos_bsp.o(.text.BSP_LED_orangeOn) for BSP_LED_orangeOn
    main.o(.ARM.exidx.text.Task2) refers to main.o(.text.Task2) for [Anonymous Symbol]
    main.o(.text.main) refers to main.o(.bss.Semphor1) for Semphor1
    main.o(.text.main) refers to oskernel.o(.text.osSemaphoreInit) for osSemaphoreInit
    main.o(.text.main) refers to main.o(.bss.Semphor2) for Semphor2
    main.o(.text.main) refers to stm32f4_rtos_bsp.o(.text.UART5_Init) for UART5_Init
    main.o(.text.main) refers to stm32f4_rtos_bsp.o(.text.BSP_LED_Init) for BSP_LED_Init
    main.o(.text.main) refers to oskernel.o(.text.osKernelInit) for osKernelInit
    main.o(.text.main) refers to main.o(.text.Task0) for Task0
    main.o(.text.main) refers to main.o(.text.Task1) for Task1
    main.o(.text.main) refers to main.o(.text.Task2) for Task2
    main.o(.text.main) refers to oskernel.o(.text.osKernelAddThreads) for osKernelAddThreads
    main.o(.text.main) refers to oskernel.o(.text.osKernelLaunch) for osKernelLaunch
    main.o(.ARM.exidx.text.main) refers to main.o(.text.main) for [Anonymous Symbol]
    stm32f4_rtos_bsp.o(.ARM.exidx.text.TIMER2_Init) refers to stm32f4_rtos_bsp.o(.text.TIMER2_Init) for [Anonymous Symbol]
    stm32f4_rtos_bsp.o(.ARM.exidx.text.BSP_Probe_Init) refers to stm32f4_rtos_bsp.o(.text.BSP_Probe_Init) for [Anonymous Symbol]
    stm32f4_rtos_bsp.o(.ARM.exidx.text.BSP_Probe_CH0) refers to stm32f4_rtos_bsp.o(.text.BSP_Probe_CH0) for [Anonymous Symbol]
    stm32f4_rtos_bsp.o(.ARM.exidx.text.BSP_Probe_CH1) refers to stm32f4_rtos_bsp.o(.text.BSP_Probe_CH1) for [Anonymous Symbol]
    stm32f4_rtos_bsp.o(.ARM.exidx.text.BSP_Probe_CH2) refers to stm32f4_rtos_bsp.o(.text.BSP_Probe_CH2) for [Anonymous Symbol]
    stm32f4_rtos_bsp.o(.ARM.exidx.text.BSP_Probe_CH3) refers to stm32f4_rtos_bsp.o(.text.BSP_Probe_CH3) for [Anonymous Symbol]
    stm32f4_rtos_bsp.o(.ARM.exidx.text.BSP_Button_Init) refers to stm32f4_rtos_bsp.o(.text.BSP_Button_Init) for [Anonymous Symbol]
    stm32f4_rtos_bsp.o(.ARM.exidx.text.BSP_Button_Read) refers to stm32f4_rtos_bsp.o(.text.BSP_Button_Read) for [Anonymous Symbol]
    stm32f4_rtos_bsp.o(.ARM.exidx.text.BSP_Delay_Millisecond) refers to stm32f4_rtos_bsp.o(.text.BSP_Delay_Millisecond) for [Anonymous Symbol]
    stm32f4_rtos_bsp.o(.ARM.exidx.text.BSP_ADC1_Init) refers to stm32f4_rtos_bsp.o(.text.BSP_ADC1_Init) for [Anonymous Symbol]
    stm32f4_rtos_bsp.o(.ARM.exidx.text.BSP_Sensor_Read) refers to stm32f4_rtos_bsp.o(.text.BSP_Sensor_Read) for [Anonymous Symbol]
    stm32f4_rtos_bsp.o(.ARM.exidx.text.BSP_LED_Init) refers to stm32f4_rtos_bsp.o(.text.BSP_LED_Init) for [Anonymous Symbol]
    stm32f4_rtos_bsp.o(.ARM.exidx.text.BSP_LED_blueOn) refers to stm32f4_rtos_bsp.o(.text.BSP_LED_blueOn) for [Anonymous Symbol]
    stm32f4_rtos_bsp.o(.ARM.exidx.text.BSP_LED_blueOff) refers to stm32f4_rtos_bsp.o(.text.BSP_LED_blueOff) for [Anonymous Symbol]
    stm32f4_rtos_bsp.o(.ARM.exidx.text.BSP_LED_orangeOn) refers to stm32f4_rtos_bsp.o(.text.BSP_LED_orangeOn) for [Anonymous Symbol]
    stm32f4_rtos_bsp.o(.ARM.exidx.text.BSP_LED_orangeOff) refers to stm32f4_rtos_bsp.o(.text.BSP_LED_orangeOff) for [Anonymous Symbol]
    stm32f4_rtos_bsp.o(.ARM.exidx.text.BSP_LED_greenOn) refers to stm32f4_rtos_bsp.o(.text.BSP_LED_greenOn) for [Anonymous Symbol]
    stm32f4_rtos_bsp.o(.ARM.exidx.text.BSP_LED_greenOff) refers to stm32f4_rtos_bsp.o(.text.BSP_LED_greenOff) for [Anonymous Symbol]
    stm32f4_rtos_bsp.o(.ARM.exidx.text.BSP_LED_redOn) refers to stm32f4_rtos_bsp.o(.text.BSP_LED_redOn) for [Anonymous Symbol]
    stm32f4_rtos_bsp.o(.ARM.exidx.text.BSP_LED_redOff) refers to stm32f4_rtos_bsp.o(.text.BSP_LED_redOff) for [Anonymous Symbol]
    stm32f4_rtos_bsp.o(.ARM.exidx.text.BSP_LED_blueToggle) refers to stm32f4_rtos_bsp.o(.text.BSP_LED_blueToggle) for [Anonymous Symbol]
    stm32f4_rtos_bsp.o(.ARM.exidx.text.BSP_LED_greenToggle) refers to stm32f4_rtos_bsp.o(.text.BSP_LED_greenToggle) for [Anonymous Symbol]
    stm32f4_rtos_bsp.o(.ARM.exidx.text.BSP_LED_redToggle) refers to stm32f4_rtos_bsp.o(.text.BSP_LED_redToggle) for [Anonymous Symbol]
    stm32f4_rtos_bsp.o(.ARM.exidx.text.BSP_LED_orangeToggle) refers to stm32f4_rtos_bsp.o(.text.BSP_LED_orangeToggle) for [Anonymous Symbol]
    stm32f4_rtos_bsp.o(.ARM.exidx.text.UART5_Init) refers to stm32f4_rtos_bsp.o(.text.UART5_Init) for [Anonymous Symbol]
    stm32f4_rtos_bsp.o(.ARM.exidx.text.UART5_SendCharachter) refers to stm32f4_rtos_bsp.o(.text.UART5_SendCharachter) for [Anonymous Symbol]
    stm32f4_rtos_bsp.o(.ARM.exidx.text.UART5_SendString) refers to stm32f4_rtos_bsp.o(.text.UART5_SendString) for [Anonymous Symbol]
    startup_stm32f429xx.o(STACK) refers (Special) to heapauxi.o(.text) for __use_two_region_memory
    startup_stm32f429xx.o(HEAP) refers (Special) to heapauxi.o(.text) for __use_two_region_memory
    startup_stm32f429xx.o(RESET) refers (Special) to heapauxi.o(.text) for __use_two_region_memory
    startup_stm32f429xx.o(RESET) refers to startup_stm32f429xx.o(STACK) for __initial_sp
    startup_stm32f429xx.o(RESET) refers to startup_stm32f429xx.o(.text) for Reset_Handler
    startup_stm32f429xx.o(RESET) refers to oskernel_1.o(.text) for PendSV_Handler
    startup_stm32f429xx.o(RESET) refers to oskernel.o(.text.SysTick_Handler) for SysTick_Handler
    startup_stm32f429xx.o(.text) refers (Special) to heapauxi.o(.text) for __use_two_region_memory
    startup_stm32f429xx.o(.text) refers to system_stm32f4xx.o(.text.SystemInit) for SystemInit
    startup_stm32f429xx.o(.text) refers to __main.o(!!!main) for __main
    startup_stm32f429xx.o(.text) refers to startup_stm32f429xx.o(HEAP) for Heap_Mem
    startup_stm32f429xx.o(.text) refers to startup_stm32f429xx.o(STACK) for Stack_Mem
    system_stm32f4xx.o(.ARM.exidx.text.SystemInit) refers to system_stm32f4xx.o(.text.SystemInit) for [Anonymous Symbol]
    system_stm32f4xx.o(.text.SystemCoreClockUpdate) refers to system_stm32f4xx.o(.data.SystemCoreClock) for SystemCoreClock
    system_stm32f4xx.o(.text.SystemCoreClockUpdate) refers to system_stm32f4xx.o(.rodata.AHBPrescTable) for AHBPrescTable
    system_stm32f4xx.o(.ARM.exidx.text.SystemCoreClockUpdate) refers to system_stm32f4xx.o(.text.SystemCoreClockUpdate) for [Anonymous Symbol]
    __main.o(!!!main) refers to __rtentry.o(.ARM.Collect$$rtentry$$00000000) for __rt_entry
    __rtentry.o(.ARM.Collect$$rtentry$$00000000) refers (Special) to __rtentry2.o(.ARM.Collect$$rtentry$$0000000A) for __rt_entry_li
    __rtentry.o(.ARM.Collect$$rtentry$$00000000) refers (Special) to __rtentry2.o(.ARM.Collect$$rtentry$$0000000D) for __rt_entry_main
    __rtentry.o(.ARM.Collect$$rtentry$$00000000) refers (Special) to __rtentry2.o(.ARM.Collect$$rtentry$$0000000C) for __rt_entry_postli_1
    __rtentry.o(.ARM.Collect$$rtentry$$00000000) refers (Special) to __rtentry2.o(.ARM.Collect$$rtentry$$00000009) for __rt_entry_postsh_1
    __rtentry.o(.ARM.Collect$$rtentry$$00000000) refers (Special) to __rtentry2.o(.ARM.Collect$$rtentry$$00000002) for __rt_entry_presh_1
    __rtentry.o(.ARM.Collect$$rtentry$$00000000) refers (Special) to __rtentry4.o(.ARM.Collect$$rtentry$$00000004) for __rt_entry_sh
    __rtentry2.o(.ARM.Collect$$rtentry$$00000008) refers to boardinit2.o(.text) for _platform_post_stackheap_init
    __rtentry2.o(.ARM.Collect$$rtentry$$0000000A) refers to libinit.o(.ARM.Collect$$libinit$$00000000) for __rt_lib_init
    __rtentry2.o(.ARM.Collect$$rtentry$$0000000B) refers to boardinit3.o(.text) for _platform_post_lib_init
    __rtentry2.o(.ARM.Collect$$rtentry$$0000000D) refers to main.o(.text.main) for main
    __rtentry2.o(.ARM.Collect$$rtentry$$0000000D) refers to exit.o(.text) for exit
    __rtentry2.o(.ARM.exidx) refers to __rtentry2.o(.ARM.Collect$$rtentry$$00000001) for .ARM.Collect$$rtentry$$00000001
    __rtentry2.o(.ARM.exidx) refers to __rtentry2.o(.ARM.Collect$$rtentry$$00000008) for .ARM.Collect$$rtentry$$00000008
    __rtentry2.o(.ARM.exidx) refers to __rtentry2.o(.ARM.Collect$$rtentry$$0000000A) for .ARM.Collect$$rtentry$$0000000A
    __rtentry2.o(.ARM.exidx) refers to __rtentry2.o(.ARM.Collect$$rtentry$$0000000B) for .ARM.Collect$$rtentry$$0000000B
    __rtentry2.o(.ARM.exidx) refers to __rtentry2.o(.ARM.Collect$$rtentry$$0000000D) for .ARM.Collect$$rtentry$$0000000D
    __rtentry4.o(.ARM.Collect$$rtentry$$00000004) refers to sys_stackheap_outer.o(.text) for __user_setup_stackheap
    __rtentry4.o(.ARM.exidx) refers to __rtentry4.o(.ARM.Collect$$rtentry$$00000004) for .ARM.Collect$$rtentry$$00000004
    sys_stackheap_outer.o(.text) refers to libspace.o(.text) for __user_perproc_libspace
    sys_stackheap_outer.o(.text) refers to startup_stm32f429xx.o(.text) for __user_initial_stackheap
    exit.o(.text) refers to rtexit.o(.ARM.Collect$$rtexit$$00000000) for __rt_exit
    libinit.o(.ARM.Collect$$libinit$$00000000) refers (Special) to libinit2.o(.ARM.Collect$$libinit$$00000030) for __rt_lib_init_alloca_1
    libinit.o(.ARM.Collect$$libinit$$00000000) refers (Special) to libinit2.o(.ARM.Collect$$libinit$$0000002E) for __rt_lib_init_argv_1
    libinit.o(.ARM.Collect$$libinit$$00000000) refers (Special) to libinit2.o(.ARM.Collect$$libinit$$0000001D) for __rt_lib_init_atexit_1
    libinit.o(.ARM.Collect$$libinit$$00000000) refers (Special) to libinit2.o(.ARM.Collect$$libinit$$00000023) for __rt_lib_init_clock_1
    libinit.o(.ARM.Collect$$libinit$$00000000) refers (Special) to libinit2.o(.ARM.Collect$$libinit$$00000034) for __rt_lib_init_cpp_1
    libinit.o(.ARM.Collect$$libinit$$00000000) refers (Special) to libinit2.o(.ARM.Collect$$libinit$$00000032) for __rt_lib_init_exceptions_1
    libinit.o(.ARM.Collect$$libinit$$00000000) refers (Special) to libinit2.o(.ARM.Collect$$libinit$$00000001) for __rt_lib_init_fp_1
    libinit.o(.ARM.Collect$$libinit$$00000000) refers (Special) to libinit2.o(.ARM.Collect$$libinit$$00000021) for __rt_lib_init_fp_trap_1
    libinit.o(.ARM.Collect$$libinit$$00000000) refers (Special) to libinit2.o(.ARM.Collect$$libinit$$00000025) for __rt_lib_init_getenv_1
    libinit.o(.ARM.Collect$$libinit$$00000000) refers (Special) to libinit2.o(.ARM.Collect$$libinit$$0000000C) for __rt_lib_init_heap_1
    libinit.o(.ARM.Collect$$libinit$$00000000) refers (Special) to libinit2.o(.ARM.Collect$$libinit$$00000013) for __rt_lib_init_lc_collate_1
    libinit.o(.ARM.Collect$$libinit$$00000000) refers (Special) to libinit2.o(.ARM.Collect$$libinit$$00000015) for __rt_lib_init_lc_ctype_1
    libinit.o(.ARM.Collect$$libinit$$00000000) refers (Special) to libinit2.o(.ARM.Collect$$libinit$$00000017) for __rt_lib_init_lc_monetary_1
    libinit.o(.ARM.Collect$$libinit$$00000000) refers (Special) to libinit2.o(.ARM.Collect$$libinit$$00000019) for __rt_lib_init_lc_numeric_1
    libinit.o(.ARM.Collect$$libinit$$00000000) refers (Special) to libinit2.o(.ARM.Collect$$libinit$$0000001B) for __rt_lib_init_lc_time_1
    libinit.o(.ARM.Collect$$libinit$$00000000) refers (Special) to libinit2.o(.ARM.Collect$$libinit$$00000006) for __rt_lib_init_preinit_1
    libinit.o(.ARM.Collect$$libinit$$00000000) refers (Special) to libinit2.o(.ARM.Collect$$libinit$$00000010) for __rt_lib_init_rand_1
    libinit.o(.ARM.Collect$$libinit$$00000000) refers (Special) to libinit2.o(.ARM.Collect$$libinit$$00000004) for __rt_lib_init_relocate_pie_1
    libinit.o(.ARM.Collect$$libinit$$00000000) refers (Special) to libinit2.o(.ARM.Collect$$libinit$$00000035) for __rt_lib_init_return
    libinit.o(.ARM.Collect$$libinit$$00000000) refers (Special) to libinit2.o(.ARM.Collect$$libinit$$0000001F) for __rt_lib_init_signal_1
    libinit.o(.ARM.Collect$$libinit$$00000000) refers (Special) to libinit2.o(.ARM.Collect$$libinit$$00000027) for __rt_lib_init_stdio_1
    libinit.o(.ARM.Collect$$libinit$$00000000) refers (Special) to libinit2.o(.ARM.Collect$$libinit$$0000000E) for __rt_lib_init_user_alloc_1
    libspace.o(.text) refers to libspace.o(.bss) for __libspace_start
    rtexit.o(.ARM.Collect$$rtexit$$00000000) refers (Special) to rtexit2.o(.ARM.Collect$$rtexit$$00000004) for __rt_exit_exit
    rtexit.o(.ARM.Collect$$rtexit$$00000000) refers (Special) to rtexit2.o(.ARM.Collect$$rtexit$$00000003) for __rt_exit_ls
    rtexit.o(.ARM.Collect$$rtexit$$00000000) refers (Special) to rtexit2.o(.ARM.Collect$$rtexit$$00000002) for __rt_exit_prels_1
    rtexit.o(.ARM.exidx) refers (Special) to rtexit2.o(.ARM.Collect$$rtexit$$00000004) for __rt_exit_exit
    rtexit.o(.ARM.exidx) refers (Special) to rtexit2.o(.ARM.Collect$$rtexit$$00000003) for __rt_exit_ls
    rtexit.o(.ARM.exidx) refers (Special) to rtexit2.o(.ARM.Collect$$rtexit$$00000002) for __rt_exit_prels_1
    rtexit.o(.ARM.exidx) refers to rtexit.o(.ARM.Collect$$rtexit$$00000000) for .ARM.Collect$$rtexit$$00000000
    libinit2.o(.ARM.Collect$$libinit$$00000001) refers to fpinit.o(x$fpl$fpinit) for _fp_init
    libinit2.o(.ARM.Collect$$libinit$$00000012) refers to libinit2.o(.ARM.Collect$$libinit$$00000011) for .ARM.Collect$$libinit$$00000011
    libinit2.o(.ARM.Collect$$libinit$$00000014) refers to libinit2.o(.ARM.Collect$$libinit$$00000011) for .ARM.Collect$$libinit$$00000011
    libinit2.o(.ARM.Collect$$libinit$$00000016) refers to libinit2.o(.ARM.Collect$$libinit$$00000011) for .ARM.Collect$$libinit$$00000011
    libinit2.o(.ARM.Collect$$libinit$$00000018) refers to libinit2.o(.ARM.Collect$$libinit$$00000011) for .ARM.Collect$$libinit$$00000011
    libinit2.o(.ARM.Collect$$libinit$$0000001A) refers to libinit2.o(.ARM.Collect$$libinit$$00000011) for .ARM.Collect$$libinit$$00000011
    libinit2.o(.ARM.Collect$$libinit$$00000028) refers to argv_veneer.o(.emb_text) for __ARM_argv_veneer
    libinit2.o(.ARM.Collect$$libinit$$00000029) refers to argv_veneer.o(.emb_text) for __ARM_argv_veneer
    rtexit2.o(.ARM.Collect$$rtexit$$00000003) refers to libshutdown.o(.ARM.Collect$$libshutdown$$00000000) for __rt_lib_shutdown
    rtexit2.o(.ARM.Collect$$rtexit$$00000004) refers to sys_exit.o(.text) for _sys_exit
    rtexit2.o(.ARM.exidx) refers to rtexit2.o(.ARM.Collect$$rtexit$$00000001) for .ARM.Collect$$rtexit$$00000001
    rtexit2.o(.ARM.exidx) refers to rtexit2.o(.ARM.Collect$$rtexit$$00000003) for .ARM.Collect$$rtexit$$00000003
    rtexit2.o(.ARM.exidx) refers to rtexit2.o(.ARM.Collect$$rtexit$$00000004) for .ARM.Collect$$rtexit$$00000004
    argv_veneer.o(.emb_text) refers to no_argv.o(.text) for __ARM_get_argv
    sys_exit.o(.text) refers (Special) to use_no_semi.o(.text) for __I$use$semihosting
    sys_exit.o(.text) refers (Special) to indicate_semi.o(.text) for __semihosting_library_function
    sys_exit_hlt.o(.text) refers (Special) to use_no_semi.o(.text) for __I$use$semihosting
    sys_exit_hlt.o(.text) refers (Special) to indicate_semi.o(.text) for __semihosting_library_function
    _get_argv_nomalloc.o(.text) refers (Special) to hrguard.o(.text) for __heap_region$guard
    _get_argv_nomalloc.o(.text) refers to defsig_rtmem_outer.o(.text) for __rt_SIGRTMEM
    _get_argv_nomalloc.o(.text) refers to sys_command.o(.text) for _sys_command_string
    libshutdown.o(.ARM.Collect$$libshutdown$$00000000) refers (Special) to libshutdown2.o(.ARM.Collect$$libshutdown$$00000002) for __rt_lib_shutdown_cpp_1
    libshutdown.o(.ARM.Collect$$libshutdown$$00000000) refers (Special) to libshutdown2.o(.ARM.Collect$$libshutdown$$00000007) for __rt_lib_shutdown_fp_trap_1
    libshutdown.o(.ARM.Collect$$libshutdown$$00000000) refers (Special) to libshutdown2.o(.ARM.Collect$$libshutdown$$0000000F) for __rt_lib_shutdown_heap_1
    libshutdown.o(.ARM.Collect$$libshutdown$$00000000) refers (Special) to libshutdown2.o(.ARM.Collect$$libshutdown$$00000010) for __rt_lib_shutdown_return
    libshutdown.o(.ARM.Collect$$libshutdown$$00000000) refers (Special) to libshutdown2.o(.ARM.Collect$$libshutdown$$0000000A) for __rt_lib_shutdown_signal_1
    libshutdown.o(.ARM.Collect$$libshutdown$$00000000) refers (Special) to libshutdown2.o(.ARM.Collect$$libshutdown$$00000004) for __rt_lib_shutdown_stdio_1
    libshutdown.o(.ARM.Collect$$libshutdown$$00000000) refers (Special) to libshutdown2.o(.ARM.Collect$$libshutdown$$0000000C) for __rt_lib_shutdown_user_alloc_1
    sys_command.o(.text) refers (Special) to use_no_semi.o(.text) for __I$use$semihosting
    sys_command.o(.text) refers (Special) to indicate_semi.o(.text) for __semihosting_library_function
    sys_command_hlt.o(.text) refers (Special) to use_no_semi.o(.text) for __I$use$semihosting
    sys_command_hlt.o(.text) refers (Special) to indicate_semi.o(.text) for __semihosting_library_function
    defsig_rtmem_outer.o(.text) refers to defsig_rtmem_inner.o(.text) for __rt_SIGRTMEM_inner
    defsig_rtmem_outer.o(.text) refers to defsig_exit.o(.text) for __sig_exit
    defsig_rtmem_formal.o(.text) refers to rt_raise.o(.text) for __rt_raise
    rt_raise.o(.text) refers to __raise.o(.text) for __raise
    rt_raise.o(.text) refers to sys_exit.o(.text) for _sys_exit
    defsig_exit.o(.text) refers to sys_exit.o(.text) for _sys_exit
    defsig_rtmem_inner.o(.text) refers to defsig_general.o(.text) for __default_signal_display
    __raise.o(.text) refers to defsig.o(CL$$defsig) for __default_signal_handler
    defsig_general.o(.text) refers to sys_wrch.o(.text) for _ttywrch
    sys_wrch.o(.text) refers (Special) to use_no_semi.o(.text) for __I$use$semihosting
    sys_wrch.o(.text) refers (Special) to indicate_semi.o(.text) for __semihosting_library_function
    sys_wrch_hlt.o(.text) refers (Special) to use_no_semi.o(.text) for __I$use$semihosting
    sys_wrch_hlt.o(.text) refers (Special) to indicate_semi.o(.text) for __semihosting_library_function
    defsig.o(CL$$defsig) refers to defsig_rtmem_inner.o(.text) for __rt_SIGRTMEM_inner
    defsig_abrt_inner.o(.text) refers to defsig_general.o(.text) for __default_signal_display
    defsig_fpe_inner.o(.text) refers to defsig_general.o(.text) for __default_signal_display
    defsig_rtred_inner.o(.text) refers to defsig_general.o(.text) for __default_signal_display
    defsig_stak_inner.o(.text) refers to defsig_general.o(.text) for __default_signal_display
    defsig_pvfn_inner.o(.text) refers to defsig_general.o(.text) for __default_signal_display
    defsig_cppl_inner.o(.text) refers to defsig_general.o(.text) for __default_signal_display
    defsig_segv_inner.o(.text) refers to defsig_general.o(.text) for __default_signal_display
    defsig_other.o(.text) refers to defsig_general.o(.text) for __default_signal_display


==============================================================================

Removing Unused input sections from the image.

    Removing oskernel.o(.text), (0 bytes).
    Removing oskernel.o(.text.osKernelStackInit), (130 bytes).
    Removing oskernel.o(.ARM.exidx.text.osKernelStackInit), (8 bytes).
    Removing oskernel.o(.ARM.exidx.text.osKernelAddThreads), (8 bytes).
    Removing oskernel.o(.ARM.exidx.text.osKernelInit), (8 bytes).
    Removing oskernel.o(.ARM.exidx.text.osKernelLaunch), (8 bytes).
    Removing oskernel.o(.text.osThreadYield), (28 bytes).
    Removing oskernel.o(.ARM.exidx.text.osThreadYield), (8 bytes).
    Removing oskernel.o(.ARM.exidx.text.SysTick_Handler), (8 bytes).
    Removing oskernel.o(.ARM.exidx.text.osSchedulerRoundRobin), (8 bytes).
    Removing oskernel.o(.ARM.exidx.text.osSemaphoreInit), (8 bytes).
    Removing oskernel.o(.ARM.exidx.text.osSignalSet), (8 bytes).
    Removing oskernel.o(.ARM.exidx.text.osSignalWait), (8 bytes).
    Removing main.o(.text), (0 bytes).
    Removing main.o(.ARM.exidx.text.Task0), (8 bytes).
    Removing main.o(.ARM.exidx.text.periodic_Task), (8 bytes).
    Removing main.o(.ARM.exidx.text.Task1), (8 bytes).
    Removing main.o(.ARM.exidx.text.Task2), (8 bytes).
    Removing main.o(.ARM.exidx.text.main), (8 bytes).
    Removing main.o(.bss.Semphor0), (4 bytes).
    Removing main.o(.ARM.use_no_argv), (4 bytes).
    Removing stm32f4_rtos_bsp.o(.text), (0 bytes).
    Removing stm32f4_rtos_bsp.o(.text.TIMER2_Init), (66 bytes).
    Removing stm32f4_rtos_bsp.o(.ARM.exidx.text.TIMER2_Init), (8 bytes).
    Removing stm32f4_rtos_bsp.o(.text.BSP_Probe_Init), (36 bytes).
    Removing stm32f4_rtos_bsp.o(.ARM.exidx.text.BSP_Probe_Init), (8 bytes).
    Removing stm32f4_rtos_bsp.o(.text.BSP_Probe_CH0), (18 bytes).
    Removing stm32f4_rtos_bsp.o(.ARM.exidx.text.BSP_Probe_CH0), (8 bytes).
    Removing stm32f4_rtos_bsp.o(.text.BSP_Probe_CH1), (18 bytes).
    Removing stm32f4_rtos_bsp.o(.ARM.exidx.text.BSP_Probe_CH1), (8 bytes).
    Removing stm32f4_rtos_bsp.o(.text.BSP_Probe_CH2), (18 bytes).
    Removing stm32f4_rtos_bsp.o(.ARM.exidx.text.BSP_Probe_CH2), (8 bytes).
    Removing stm32f4_rtos_bsp.o(.text.BSP_Probe_CH3), (18 bytes).
    Removing stm32f4_rtos_bsp.o(.ARM.exidx.text.BSP_Probe_CH3), (8 bytes).
    Removing stm32f4_rtos_bsp.o(.text.BSP_Button_Init), (32 bytes).
    Removing stm32f4_rtos_bsp.o(.ARM.exidx.text.BSP_Button_Init), (8 bytes).
    Removing stm32f4_rtos_bsp.o(.text.BSP_Button_Read), (14 bytes).
    Removing stm32f4_rtos_bsp.o(.ARM.exidx.text.BSP_Button_Read), (8 bytes).
    Removing stm32f4_rtos_bsp.o(.text.BSP_Delay_Millisecond), (74 bytes).
    Removing stm32f4_rtos_bsp.o(.ARM.exidx.text.BSP_Delay_Millisecond), (8 bytes).
    Removing stm32f4_rtos_bsp.o(.text.BSP_ADC1_Init), (66 bytes).
    Removing stm32f4_rtos_bsp.o(.ARM.exidx.text.BSP_ADC1_Init), (8 bytes).
    Removing stm32f4_rtos_bsp.o(.text.BSP_Sensor_Read), (28 bytes).
    Removing stm32f4_rtos_bsp.o(.ARM.exidx.text.BSP_Sensor_Read), (8 bytes).
    Removing stm32f4_rtos_bsp.o(.ARM.exidx.text.BSP_LED_Init), (8 bytes).
    Removing stm32f4_rtos_bsp.o(.ARM.exidx.text.BSP_LED_blueOn), (8 bytes).
    Removing stm32f4_rtos_bsp.o(.ARM.exidx.text.BSP_LED_blueOff), (8 bytes).
    Removing stm32f4_rtos_bsp.o(.ARM.exidx.text.BSP_LED_orangeOn), (8 bytes).
    Removing stm32f4_rtos_bsp.o(.ARM.exidx.text.BSP_LED_orangeOff), (8 bytes).
    Removing stm32f4_rtos_bsp.o(.text.BSP_LED_greenOn), (18 bytes).
    Removing stm32f4_rtos_bsp.o(.ARM.exidx.text.BSP_LED_greenOn), (8 bytes).
    Removing stm32f4_rtos_bsp.o(.text.BSP_LED_greenOff), (18 bytes).
    Removing stm32f4_rtos_bsp.o(.ARM.exidx.text.BSP_LED_greenOff), (8 bytes).
    Removing stm32f4_rtos_bsp.o(.ARM.exidx.text.BSP_LED_redOn), (8 bytes).
    Removing stm32f4_rtos_bsp.o(.ARM.exidx.text.BSP_LED_redOff), (8 bytes).
    Removing stm32f4_rtos_bsp.o(.text.BSP_LED_blueToggle), (18 bytes).
    Removing stm32f4_rtos_bsp.o(.ARM.exidx.text.BSP_LED_blueToggle), (8 bytes).
    Removing stm32f4_rtos_bsp.o(.text.BSP_LED_greenToggle), (18 bytes).
    Removing stm32f4_rtos_bsp.o(.ARM.exidx.text.BSP_LED_greenToggle), (8 bytes).
    Removing stm32f4_rtos_bsp.o(.text.BSP_LED_redToggle), (18 bytes).
    Removing stm32f4_rtos_bsp.o(.ARM.exidx.text.BSP_LED_redToggle), (8 bytes).
    Removing stm32f4_rtos_bsp.o(.text.BSP_LED_orangeToggle), (18 bytes).
    Removing stm32f4_rtos_bsp.o(.ARM.exidx.text.BSP_LED_orangeToggle), (8 bytes).
    Removing stm32f4_rtos_bsp.o(.ARM.exidx.text.UART5_Init), (8 bytes).
    Removing stm32f4_rtos_bsp.o(.text.UART5_SendCharachter), (46 bytes).
    Removing stm32f4_rtos_bsp.o(.ARM.exidx.text.UART5_SendCharachter), (8 bytes).
    Removing stm32f4_rtos_bsp.o(.ARM.exidx.text.UART5_SendString), (8 bytes).
    Removing system_stm32f4xx.o(.text), (0 bytes).
    Removing system_stm32f4xx.o(.ARM.exidx.text.SystemInit), (8 bytes).
    Removing system_stm32f4xx.o(.text.SystemCoreClockUpdate), (134 bytes).
    Removing system_stm32f4xx.o(.ARM.exidx.text.SystemCoreClockUpdate), (8 bytes).
    Removing system_stm32f4xx.o(.data.SystemCoreClock), (4 bytes).
    Removing system_stm32f4xx.o(.rodata.AHBPrescTable), (16 bytes).
    Removing system_stm32f4xx.o(.rodata.APBPrescTable), (8 bytes).

74 unused section(s) (total 1222 bytes) removed from the image.

==============================================================================

Image Symbol Table

    Local Symbols

    Symbol Name                              Value     Ov Type        Size  Object(Section)

    ../clib/angel/boardlib.s                 0x00000000   Number         0  boardinit1.o ABSOLUTE
    ../clib/angel/boardlib.s                 0x00000000   Number         0  boardinit2.o ABSOLUTE
    ../clib/angel/boardlib.s                 0x00000000   Number         0  boardinit3.o ABSOLUTE
    ../clib/angel/boardlib.s                 0x00000000   Number         0  boardshut.o ABSOLUTE
    ../clib/angel/handlers.s                 0x00000000   Number         0  __scatter_copy.o ABSOLUTE
    ../clib/angel/handlers.s                 0x00000000   Number         0  __scatter_zi.o ABSOLUTE
    ../clib/angel/kernel.s                   0x00000000   Number         0  __rtentry.o ABSOLUTE
    ../clib/angel/kernel.s                   0x00000000   Number         0  __rtentry2.o ABSOLUTE
    ../clib/angel/kernel.s                   0x00000000   Number         0  __rtentry4.o ABSOLUTE
    ../clib/angel/kernel.s                   0x00000000   Number         0  rtexit.o ABSOLUTE
    ../clib/angel/kernel.s                   0x00000000   Number         0  rtexit2.o ABSOLUTE
    ../clib/angel/rt.s                       0x00000000   Number         0  rt_raise.o ABSOLUTE
    ../clib/angel/scatter.s                  0x00000000   Number         0  __scatter.o ABSOLUTE
    ../clib/angel/startup.s                  0x00000000   Number         0  __main.o ABSOLUTE
    ../clib/angel/sys.s                      0x00000000   Number         0  sys_stackheap_outer.o ABSOLUTE
    ../clib/angel/sys.s                      0x00000000   Number         0  libspace.o ABSOLUTE
    ../clib/angel/sys.s                      0x00000000   Number         0  use_no_semi.o ABSOLUTE
    ../clib/angel/sys.s                      0x00000000   Number         0  indicate_semi.o ABSOLUTE
    ../clib/angel/sysapp.c                   0x00000000   Number         0  sys_exit.o ABSOLUTE
    ../clib/angel/sysapp.c                   0x00000000   Number         0  sys_exit_hlt.o ABSOLUTE
    ../clib/angel/sysapp.c                   0x00000000   Number         0  sys_command.o ABSOLUTE
    ../clib/angel/sysapp.c                   0x00000000   Number         0  sys_command_hlt.o ABSOLUTE
    ../clib/angel/sysapp.c                   0x00000000   Number         0  sys_wrch.o ABSOLUTE
    ../clib/angel/sysapp.c                   0x00000000   Number         0  sys_wrch_hlt.o ABSOLUTE
    ../clib/armsys.c                         0x00000000   Number         0  argv_veneer.o ABSOLUTE
    ../clib/armsys.c                         0x00000000   Number         0  argv_veneer.o ABSOLUTE
    ../clib/armsys.c                         0x00000000   Number         0  _get_argv_nomalloc.o ABSOLUTE
    ../clib/armsys.c                         0x00000000   Number         0  no_argv.o ABSOLUTE
    ../clib/heapalloc.c                      0x00000000   Number         0  hrguard.o ABSOLUTE
    ../clib/heapaux.c                        0x00000000   Number         0  heapauxi.o ABSOLUTE
    ../clib/libinit.s                        0x00000000   Number         0  libinit.o ABSOLUTE
    ../clib/libinit.s                        0x00000000   Number         0  libinit2.o ABSOLUTE
    ../clib/libinit.s                        0x00000000   Number         0  libshutdown.o ABSOLUTE
    ../clib/libinit.s                        0x00000000   Number         0  libshutdown2.o ABSOLUTE
    ../clib/signal.c                         0x00000000   Number         0  defsig_rtmem_outer.o ABSOLUTE
    ../clib/signal.c                         0x00000000   Number         0  defsig_rtmem_formal.o ABSOLUTE
    ../clib/signal.c                         0x00000000   Number         0  defsig_exit.o ABSOLUTE
    ../clib/signal.c                         0x00000000   Number         0  defsig_rtmem_inner.o ABSOLUTE
    ../clib/signal.c                         0x00000000   Number         0  __raise.o ABSOLUTE
    ../clib/signal.c                         0x00000000   Number         0  defsig_general.o ABSOLUTE
    ../clib/signal.c                         0x00000000   Number         0  defsig_abrt_inner.o ABSOLUTE
    ../clib/signal.c                         0x00000000   Number         0  defsig_fpe_inner.o ABSOLUTE
    ../clib/signal.c                         0x00000000   Number         0  defsig_rtred_inner.o ABSOLUTE
    ../clib/signal.c                         0x00000000   Number         0  defsig_stak_inner.o ABSOLUTE
    ../clib/signal.c                         0x00000000   Number         0  defsig_pvfn_inner.o ABSOLUTE
    ../clib/signal.c                         0x00000000   Number         0  defsig_cppl_inner.o ABSOLUTE
    ../clib/signal.c                         0x00000000   Number         0  defsig_segv_inner.o ABSOLUTE
    ../clib/signal.c                         0x00000000   Number         0  defsig_other.o ABSOLUTE
    ../clib/signal.s                         0x00000000   Number         0  defsig.o ABSOLUTE
    ../clib/stdlib.c                         0x00000000   Number         0  exit.o ABSOLUTE
    ../fplib/fpinit.s                        0x00000000   Number         0  fpinit.o ABSOLUTE
    RTE/Device/STM32F429ZITx/startup_stm32f429xx.s 0x00000000   Number         0  startup_stm32f429xx.o ABSOLUTE
    STM32F4_RTOS_BSP.c                       0x00000000   Number         0  stm32f4_rtos_bsp.o ABSOLUTE
    dc.s                                     0x00000000   Number         0  dc.o ABSOLUTE
    main.c                                   0x00000000   Number         0  main.o ABSOLUTE
    osKernel.c                               0x00000000   Number         0  oskernel.o ABSOLUTE
    osKernel.s                               0x00000000   Number         0  oskernel_1.o ABSOLUTE
    system_stm32f4xx.c                       0x00000000   Number         0  system_stm32f4xx.o ABSOLUTE
    RESET                                    0x08000000   Section      428  startup_stm32f429xx.o(RESET)
    !!!main                                  0x080001ac   Section        8  __main.o(!!!main)
    !!!scatter                               0x080001b4   Section       52  __scatter.o(!!!scatter)
    !!handler_copy                           0x080001e8   Section       26  __scatter_copy.o(!!handler_copy)
    !!handler_zi                             0x08000204   Section       28  __scatter_zi.o(!!handler_zi)
    .ARM.Collect$$libinit$$00000000          0x08000220   Section        2  libinit.o(.ARM.Collect$$libinit$$00000000)
    .ARM.Collect$$libinit$$00000001          0x08000222   Section        4  libinit2.o(.ARM.Collect$$libinit$$00000001)
    .ARM.Collect$$libinit$$00000004          0x08000226   Section        0  libinit2.o(.ARM.Collect$$libinit$$00000004)
    .ARM.Collect$$libinit$$00000006          0x08000226   Section        0  libinit2.o(.ARM.Collect$$libinit$$00000006)
    .ARM.Collect$$libinit$$0000000C          0x08000226   Section        0  libinit2.o(.ARM.Collect$$libinit$$0000000C)
    .ARM.Collect$$libinit$$0000000E          0x08000226   Section        0  libinit2.o(.ARM.Collect$$libinit$$0000000E)
    .ARM.Collect$$libinit$$00000010          0x08000226   Section        0  libinit2.o(.ARM.Collect$$libinit$$00000010)
    .ARM.Collect$$libinit$$00000013          0x08000226   Section        0  libinit2.o(.ARM.Collect$$libinit$$00000013)
    .ARM.Collect$$libinit$$00000015          0x08000226   Section        0  libinit2.o(.ARM.Collect$$libinit$$00000015)
    .ARM.Collect$$libinit$$00000017          0x08000226   Section        0  libinit2.o(.ARM.Collect$$libinit$$00000017)
    .ARM.Collect$$libinit$$00000019          0x08000226   Section        0  libinit2.o(.ARM.Collect$$libinit$$00000019)
    .ARM.Collect$$libinit$$0000001B          0x08000226   Section        0  libinit2.o(.ARM.Collect$$libinit$$0000001B)
    .ARM.Collect$$libinit$$0000001D          0x08000226   Section        0  libinit2.o(.ARM.Collect$$libinit$$0000001D)
    .ARM.Collect$$libinit$$0000001F          0x08000226   Section        0  libinit2.o(.ARM.Collect$$libinit$$0000001F)
    .ARM.Collect$$libinit$$00000021          0x08000226   Section        0  libinit2.o(.ARM.Collect$$libinit$$00000021)
    .ARM.Collect$$libinit$$00000023          0x08000226   Section        0  libinit2.o(.ARM.Collect$$libinit$$00000023)
    .ARM.Collect$$libinit$$00000025          0x08000226   Section        0  libinit2.o(.ARM.Collect$$libinit$$00000025)
    .ARM.Collect$$libinit$$00000027          0x08000226   Section        0  libinit2.o(.ARM.Collect$$libinit$$00000027)
    .ARM.Collect$$libinit$$0000002E          0x08000226   Section        0  libinit2.o(.ARM.Collect$$libinit$$0000002E)
    .ARM.Collect$$libinit$$00000030          0x08000226   Section        0  libinit2.o(.ARM.Collect$$libinit$$00000030)
    .ARM.Collect$$libinit$$00000032          0x08000226   Section        0  libinit2.o(.ARM.Collect$$libinit$$00000032)
    .ARM.Collect$$libinit$$00000034          0x08000226   Section        0  libinit2.o(.ARM.Collect$$libinit$$00000034)
    .ARM.Collect$$libinit$$00000035          0x08000226   Section        2  libinit2.o(.ARM.Collect$$libinit$$00000035)
    .ARM.Collect$$libshutdown$$00000000      0x08000228   Section        2  libshutdown.o(.ARM.Collect$$libshutdown$$00000000)
    .ARM.Collect$$libshutdown$$00000002      0x0800022a   Section        0  libshutdown2.o(.ARM.Collect$$libshutdown$$00000002)
    .ARM.Collect$$libshutdown$$00000004      0x0800022a   Section        0  libshutdown2.o(.ARM.Collect$$libshutdown$$00000004)
    .ARM.Collect$$libshutdown$$00000007      0x0800022a   Section        0  libshutdown2.o(.ARM.Collect$$libshutdown$$00000007)
    .ARM.Collect$$libshutdown$$0000000A      0x0800022a   Section        0  libshutdown2.o(.ARM.Collect$$libshutdown$$0000000A)
    .ARM.Collect$$libshutdown$$0000000C      0x0800022a   Section        0  libshutdown2.o(.ARM.Collect$$libshutdown$$0000000C)
    .ARM.Collect$$libshutdown$$0000000F      0x0800022a   Section        0  libshutdown2.o(.ARM.Collect$$libshutdown$$0000000F)
    .ARM.Collect$$libshutdown$$00000010      0x0800022a   Section        2  libshutdown2.o(.ARM.Collect$$libshutdown$$00000010)
    .ARM.Collect$$rtentry$$00000000          0x0800022c   Section        0  __rtentry.o(.ARM.Collect$$rtentry$$00000000)
    .ARM.Collect$$rtentry$$00000002          0x0800022c   Section        0  __rtentry2.o(.ARM.Collect$$rtentry$$00000002)
    .ARM.Collect$$rtentry$$00000004          0x0800022c   Section        6  __rtentry4.o(.ARM.Collect$$rtentry$$00000004)
    .ARM.Collect$$rtentry$$00000009          0x08000232   Section        0  __rtentry2.o(.ARM.Collect$$rtentry$$00000009)
    .ARM.Collect$$rtentry$$0000000A          0x08000232   Section        4  __rtentry2.o(.ARM.Collect$$rtentry$$0000000A)
    .ARM.Collect$$rtentry$$0000000C          0x08000236   Section        0  __rtentry2.o(.ARM.Collect$$rtentry$$0000000C)
    .ARM.Collect$$rtentry$$0000000D          0x08000236   Section        8  __rtentry2.o(.ARM.Collect$$rtentry$$0000000D)
    .ARM.Collect$$rtexit$$00000000           0x0800023e   Section        2  rtexit.o(.ARM.Collect$$rtexit$$00000000)
    .ARM.Collect$$rtexit$$00000002           0x08000240   Section        0  rtexit2.o(.ARM.Collect$$rtexit$$00000002)
    .ARM.Collect$$rtexit$$00000003           0x08000240   Section        4  rtexit2.o(.ARM.Collect$$rtexit$$00000003)
    .ARM.Collect$$rtexit$$00000004           0x08000244   Section        6  rtexit2.o(.ARM.Collect$$rtexit$$00000004)
    $v0                                      0x0800024c   Number         0  oskernel_1.o(.text)
    .text                                    0x0800024c   Section       72  oskernel_1.o(.text)
    $v0                                      0x08000294   Number         0  startup_stm32f429xx.o(.text)
    .text                                    0x08000294   Section       64  startup_stm32f429xx.o(.text)
    .text                                    0x080002d4   Section        0  heapauxi.o(.text)
    .text                                    0x080002da   Section       74  sys_stackheap_outer.o(.text)
    .text                                    0x08000324   Section        0  exit.o(.text)
    .text                                    0x08000338   Section        8  libspace.o(.text)
    .text                                    0x08000340   Section        0  sys_exit.o(.text)
    .text                                    0x0800034c   Section        2  use_no_semi.o(.text)
    .text                                    0x0800034e   Section        0  indicate_semi.o(.text)
    [Anonymous Symbol]                       0x08000350   Section        0  stm32f4_rtos_bsp.o(.text.BSP_LED_Init)
    [Anonymous Symbol]                       0x0800037c   Section        0  stm32f4_rtos_bsp.o(.text.BSP_LED_blueOff)
    [Anonymous Symbol]                       0x08000390   Section        0  stm32f4_rtos_bsp.o(.text.BSP_LED_blueOn)
    [Anonymous Symbol]                       0x080003a4   Section        0  stm32f4_rtos_bsp.o(.text.BSP_LED_orangeOff)
    [Anonymous Symbol]                       0x080003b8   Section        0  stm32f4_rtos_bsp.o(.text.BSP_LED_orangeOn)
    [Anonymous Symbol]                       0x080003cc   Section        0  stm32f4_rtos_bsp.o(.text.BSP_LED_redOff)
    [Anonymous Symbol]                       0x080003e0   Section        0  stm32f4_rtos_bsp.o(.text.BSP_LED_redOn)
    [Anonymous Symbol]                       0x080003f4   Section        0  oskernel.o(.text.SysTick_Handler)
    [Anonymous Symbol]                       0x08000404   Section        0  system_stm32f4xx.o(.text.SystemInit)
    [Anonymous Symbol]                       0x0800045c   Section        0  main.o(.text.Task0)
    [Anonymous Symbol]                       0x08000478   Section        0  main.o(.text.Task1)
    [Anonymous Symbol]                       0x080004c0   Section        0  main.o(.text.Task2)
    [Anonymous Symbol]                       0x08000508   Section        0  stm32f4_rtos_bsp.o(.text.UART5_Init)
    [Anonymous Symbol]                       0x080005b0   Section        0  stm32f4_rtos_bsp.o(.text.UART5_SendString)
    [Anonymous Symbol]                       0x08000600   Section        0  main.o(.text.main)
    [Anonymous Symbol]                       0x08000650   Section        0  oskernel.o(.text.osKernelAddThreads)
    [Anonymous Symbol]                       0x0800079c   Section        0  oskernel.o(.text.osKernelInit)
    [Anonymous Symbol]                       0x080007ac   Section        0  oskernel.o(.text.osKernelLaunch)
    [Anonymous Symbol]                       0x080007e0   Section        0  oskernel.o(.text.osSchedulerRoundRobin)
    [Anonymous Symbol]                       0x0800080c   Section        0  oskernel.o(.text.osSemaphoreInit)
    [Anonymous Symbol]                       0x08000810   Section        0  oskernel.o(.text.osSignalSet)
    [Anonymous Symbol]                       0x0800081c   Section        0  oskernel.o(.text.osSignalWait)
    [Anonymous Symbol]                       0x08000838   Section        0  main.o(.text.periodic_Task)
    $v0                                      0x08000858   Number         0  fpinit.o(x$fpl$fpinit)
    x$fpl$fpinit                             0x08000858   Section       26  fpinit.o(x$fpl$fpinit)
    .bss                                     0x20000030   Section       96  libspace.o(.bss)
    Heap_Mem                                 0x20000580   Data         512  startup_stm32f429xx.o(HEAP)
    HEAP                                     0x20000580   Section      512  startup_stm32f429xx.o(HEAP)
    Stack_Mem                                0x20000780   Data        1024  startup_stm32f429xx.o(STACK)
    STACK                                    0x20000780   Section     1024  startup_stm32f429xx.o(STACK)
    __initial_sp                             0x20000b80   Data           0  startup_stm32f429xx.o(STACK)

    Global Symbols

    Symbol Name                              Value     Ov Type        Size  Object(Section)

    BuildAttributes$$THM_ISAv4$E$P$D$K$B$S$7EM$VFPi3$EXTD16$VFPS$VFMA$PE$A:L22UL41UL21$X:L11$S22US41US21$IEEE1$IW$~IW$USESV6$~STKCKD$USESV7$~SHL$OTIME$ROPI$EBA8$UX$STANDARDLIB$REQ8$PRES8$EABIv2 0x00000000   Number         0  anon$$obj.o ABSOLUTE
    __ARM_exceptions_init                     - Undefined Weak Reference
    __alloca_initialize                       - Undefined Weak Reference
    __arm_preinit_                            - Undefined Weak Reference
    __arm_relocate_pie_                       - Undefined Weak Reference
    __cpp_initialize__aeabi_                  - Undefined Weak Reference
    __cxa_finalize                            - Undefined Weak Reference
    __rt_locale                               - Undefined Weak Reference
    __sigvec_lookup                           - Undefined Weak Reference
    _atexit_init                              - Undefined Weak Reference
    _call_atexit_fns                          - Undefined Weak Reference
    _clock_init                               - Undefined Weak Reference
    _fp_trap_init                             - Undefined Weak Reference
    _fp_trap_shutdown                         - Undefined Weak Reference
    _get_lc_collate                           - Undefined Weak Reference
    _get_lc_ctype                             - Undefined Weak Reference
    _get_lc_monetary                          - Undefined Weak Reference
    _get_lc_numeric                           - Undefined Weak Reference
    _get_lc_time                              - Undefined Weak Reference
    _getenv_init                              - Undefined Weak Reference
    _handle_redirection                       - Undefined Weak Reference
    _init_alloc                               - Undefined Weak Reference
    _init_user_alloc                          - Undefined Weak Reference
    _initio                                   - Undefined Weak Reference
    _rand_init                                - Undefined Weak Reference
    _signal_finish                            - Undefined Weak Reference
    _signal_init                              - Undefined Weak Reference
    _terminate_alloc                          - Undefined Weak Reference
    _terminate_user_alloc                     - Undefined Weak Reference
    _terminateio                              - Undefined Weak Reference
    __Vectors_Size                           0x000001ac   Number         0  startup_stm32f429xx.o ABSOLUTE
    __Vectors                                0x08000000   Data           4  startup_stm32f429xx.o(RESET)
    __Vectors_End                            0x080001ac   Data           0  startup_stm32f429xx.o(RESET)
    __main                                   0x080001ad   Thumb Code     8  __main.o(!!!main)
    __scatterload                            0x080001b5   Thumb Code     0  __scatter.o(!!!scatter)
    __scatterload_rt2                        0x080001b5   Thumb Code    44  __scatter.o(!!!scatter)
    __scatterload_rt2_thumb_only             0x080001b5   Thumb Code     0  __scatter.o(!!!scatter)
    __scatterload_null                       0x080001c3   Thumb Code     0  __scatter.o(!!!scatter)
    __scatterload_copy                       0x080001e9   Thumb Code    26  __scatter_copy.o(!!handler_copy)
    __scatterload_zeroinit                   0x08000205   Thumb Code    28  __scatter_zi.o(!!handler_zi)
    __rt_lib_init                            0x08000221   Thumb Code     0  libinit.o(.ARM.Collect$$libinit$$00000000)
    __rt_lib_init_fp_1                       0x08000223   Thumb Code     0  libinit2.o(.ARM.Collect$$libinit$$00000001)
    __rt_lib_init_alloca_1                   0x08000227   Thumb Code     0  libinit2.o(.ARM.Collect$$libinit$$00000030)
    __rt_lib_init_argv_1                     0x08000227   Thumb Code     0  libinit2.o(.ARM.Collect$$libinit$$0000002E)
    __rt_lib_init_atexit_1                   0x08000227   Thumb Code     0  libinit2.o(.ARM.Collect$$libinit$$0000001D)
    __rt_lib_init_clock_1                    0x08000227   Thumb Code     0  libinit2.o(.ARM.Collect$$libinit$$00000023)
    __rt_lib_init_cpp_1                      0x08000227   Thumb Code     0  libinit2.o(.ARM.Collect$$libinit$$00000034)
    __rt_lib_init_exceptions_1               0x08000227   Thumb Code     0  libinit2.o(.ARM.Collect$$libinit$$00000032)
    __rt_lib_init_fp_trap_1                  0x08000227   Thumb Code     0  libinit2.o(.ARM.Collect$$libinit$$00000021)
    __rt_lib_init_getenv_1                   0x08000227   Thumb Code     0  libinit2.o(.ARM.Collect$$libinit$$00000025)
    __rt_lib_init_heap_1                     0x08000227   Thumb Code     0  libinit2.o(.ARM.Collect$$libinit$$0000000C)
    __rt_lib_init_lc_collate_1               0x08000227   Thumb Code     0  libinit2.o(.ARM.Collect$$libinit$$00000013)
    __rt_lib_init_lc_ctype_1                 0x08000227   Thumb Code     0  libinit2.o(.ARM.Collect$$libinit$$00000015)
    __rt_lib_init_lc_monetary_1              0x08000227   Thumb Code     0  libinit2.o(.ARM.Collect$$libinit$$00000017)
    __rt_lib_init_lc_numeric_1               0x08000227   Thumb Code     0  libinit2.o(.ARM.Collect$$libinit$$00000019)
    __rt_lib_init_lc_time_1                  0x08000227   Thumb Code     0  libinit2.o(.ARM.Collect$$libinit$$0000001B)
    __rt_lib_init_preinit_1                  0x08000227   Thumb Code     0  libinit2.o(.ARM.Collect$$libinit$$00000006)
    __rt_lib_init_rand_1                     0x08000227   Thumb Code     0  libinit2.o(.ARM.Collect$$libinit$$00000010)
    __rt_lib_init_relocate_pie_1             0x08000227   Thumb Code     0  libinit2.o(.ARM.Collect$$libinit$$00000004)
    __rt_lib_init_return                     0x08000227   Thumb Code     0  libinit2.o(.ARM.Collect$$libinit$$00000035)
    __rt_lib_init_signal_1                   0x08000227   Thumb Code     0  libinit2.o(.ARM.Collect$$libinit$$0000001F)
    __rt_lib_init_stdio_1                    0x08000227   Thumb Code     0  libinit2.o(.ARM.Collect$$libinit$$00000027)
    __rt_lib_init_user_alloc_1               0x08000227   Thumb Code     0  libinit2.o(.ARM.Collect$$libinit$$0000000E)
    __rt_lib_shutdown                        0x08000229   Thumb Code     0  libshutdown.o(.ARM.Collect$$libshutdown$$00000000)
    __rt_lib_shutdown_cpp_1                  0x0800022b   Thumb Code     0  libshutdown2.o(.ARM.Collect$$libshutdown$$00000002)
    __rt_lib_shutdown_fp_trap_1              0x0800022b   Thumb Code     0  libshutdown2.o(.ARM.Collect$$libshutdown$$00000007)
    __rt_lib_shutdown_heap_1                 0x0800022b   Thumb Code     0  libshutdown2.o(.ARM.Collect$$libshutdown$$0000000F)
    __rt_lib_shutdown_return                 0x0800022b   Thumb Code     0  libshutdown2.o(.ARM.Collect$$libshutdown$$00000010)
    __rt_lib_shutdown_signal_1               0x0800022b   Thumb Code     0  libshutdown2.o(.ARM.Collect$$libshutdown$$0000000A)
    __rt_lib_shutdown_stdio_1                0x0800022b   Thumb Code     0  libshutdown2.o(.ARM.Collect$$libshutdown$$00000004)
    __rt_lib_shutdown_user_alloc_1           0x0800022b   Thumb Code     0  libshutdown2.o(.ARM.Collect$$libshutdown$$0000000C)
    __rt_entry                               0x0800022d   Thumb Code     0  __rtentry.o(.ARM.Collect$$rtentry$$00000000)
    __rt_entry_presh_1                       0x0800022d   Thumb Code     0  __rtentry2.o(.ARM.Collect$$rtentry$$00000002)
    __rt_entry_sh                            0x0800022d   Thumb Code     0  __rtentry4.o(.ARM.Collect$$rtentry$$00000004)
    __rt_entry_li                            0x08000233   Thumb Code     0  __rtentry2.o(.ARM.Collect$$rtentry$$0000000A)
    __rt_entry_postsh_1                      0x08000233   Thumb Code     0  __rtentry2.o(.ARM.Collect$$rtentry$$00000009)
    __rt_entry_main                          0x08000237   Thumb Code     0  __rtentry2.o(.ARM.Collect$$rtentry$$0000000D)
    __rt_entry_postli_1                      0x08000237   Thumb Code     0  __rtentry2.o(.ARM.Collect$$rtentry$$0000000C)
    __rt_exit                                0x0800023f   Thumb Code     0  rtexit.o(.ARM.Collect$$rtexit$$00000000)
    __rt_exit_ls                             0x08000241   Thumb Code     0  rtexit2.o(.ARM.Collect$$rtexit$$00000003)
    __rt_exit_prels_1                        0x08000241   Thumb Code     0  rtexit2.o(.ARM.Collect$$rtexit$$00000002)
    __rt_exit_exit                           0x08000245   Thumb Code     0  rtexit2.o(.ARM.Collect$$rtexit$$00000004)
    PendSV_Handler                           0x0800024d   Thumb Code     0  oskernel_1.o(.text)
    osSchedularLaunch                        0x08000273   Thumb Code     0  oskernel_1.o(.text)
    Reset_Handler                            0x08000295   Thumb Code     8  startup_stm32f429xx.o(.text)
    NMI_Handler                              0x0800029d   Thumb Code     2  startup_stm32f429xx.o(.text)
    HardFault_Handler                        0x0800029f   Thumb Code     2  startup_stm32f429xx.o(.text)
    MemManage_Handler                        0x080002a1   Thumb Code     2  startup_stm32f429xx.o(.text)
    BusFault_Handler                         0x080002a3   Thumb Code     2  startup_stm32f429xx.o(.text)
    UsageFault_Handler                       0x080002a5   Thumb Code     2  startup_stm32f429xx.o(.text)
    SVC_Handler                              0x080002a7   Thumb Code     2  startup_stm32f429xx.o(.text)
    DebugMon_Handler                         0x080002a9   Thumb Code     2  startup_stm32f429xx.o(.text)
    ADC_IRQHandler                           0x080002af   Thumb Code     0  startup_stm32f429xx.o(.text)
    CAN1_RX0_IRQHandler                      0x080002af   Thumb Code     0  startup_stm32f429xx.o(.text)
    CAN1_RX1_IRQHandler                      0x080002af   Thumb Code     0  startup_stm32f429xx.o(.text)
    CAN1_SCE_IRQHandler                      0x080002af   Thumb Code     0  startup_stm32f429xx.o(.text)
    CAN1_TX_IRQHandler                       0x080002af   Thumb Code     0  startup_stm32f429xx.o(.text)
    CAN2_RX0_IRQHandler                      0x080002af   Thumb Code     0  startup_stm32f429xx.o(.text)
    CAN2_RX1_IRQHandler                      0x080002af   Thumb Code     0  startup_stm32f429xx.o(.text)
    CAN2_SCE_IRQHandler                      0x080002af   Thumb Code     0  startup_stm32f429xx.o(.text)
    CAN2_TX_IRQHandler                       0x080002af   Thumb Code     0  startup_stm32f429xx.o(.text)
    DCMI_IRQHandler                          0x080002af   Thumb Code     0  startup_stm32f429xx.o(.text)
    DMA1_Stream0_IRQHandler                  0x080002af   Thumb Code     0  startup_stm32f429xx.o(.text)
    DMA1_Stream1_IRQHandler                  0x080002af   Thumb Code     0  startup_stm32f429xx.o(.text)
    DMA1_Stream2_IRQHandler                  0x080002af   Thumb Code     0  startup_stm32f429xx.o(.text)
    DMA1_Stream3_IRQHandler                  0x080002af   Thumb Code     0  startup_stm32f429xx.o(.text)
    DMA1_Stream4_IRQHandler                  0x080002af   Thumb Code     0  startup_stm32f429xx.o(.text)
    DMA1_Stream5_IRQHandler                  0x080002af   Thumb Code     0  startup_stm32f429xx.o(.text)
    DMA1_Stream6_IRQHandler                  0x080002af   Thumb Code     0  startup_stm32f429xx.o(.text)
    DMA1_Stream7_IRQHandler                  0x080002af   Thumb Code     0  startup_stm32f429xx.o(.text)
    DMA2D_IRQHandler                         0x080002af   Thumb Code     0  startup_stm32f429xx.o(.text)
    DMA2_Stream0_IRQHandler                  0x080002af   Thumb Code     0  startup_stm32f429xx.o(.text)
    DMA2_Stream1_IRQHandler                  0x080002af   Thumb Code     0  startup_stm32f429xx.o(.text)
    DMA2_Stream2_IRQHandler                  0x080002af   Thumb Code     0  startup_stm32f429xx.o(.text)
    DMA2_Stream3_IRQHandler                  0x080002af   Thumb Code     0  startup_stm32f429xx.o(.text)
    DMA2_Stream4_IRQHandler                  0x080002af   Thumb Code     0  startup_stm32f429xx.o(.text)
    DMA2_Stream5_IRQHandler                  0x080002af   Thumb Code     0  startup_stm32f429xx.o(.text)
    DMA2_Stream6_IRQHandler                  0x080002af   Thumb Code     0  startup_stm32f429xx.o(.text)
    DMA2_Stream7_IRQHandler                  0x080002af   Thumb Code     0  startup_stm32f429xx.o(.text)
    ETH_IRQHandler                           0x080002af   Thumb Code     0  startup_stm32f429xx.o(.text)
    ETH_WKUP_IRQHandler                      0x080002af   Thumb Code     0  startup_stm32f429xx.o(.text)
    EXTI0_IRQHandler                         0x080002af   Thumb Code     0  startup_stm32f429xx.o(.text)
    EXTI15_10_IRQHandler                     0x080002af   Thumb Code     0  startup_stm32f429xx.o(.text)
    EXTI1_IRQHandler                         0x080002af   Thumb Code     0  startup_stm32f429xx.o(.text)
    EXTI2_IRQHandler                         0x080002af   Thumb Code     0  startup_stm32f429xx.o(.text)
    EXTI3_IRQHandler                         0x080002af   Thumb Code     0  startup_stm32f429xx.o(.text)
    EXTI4_IRQHandler                         0x080002af   Thumb Code     0  startup_stm32f429xx.o(.text)
    EXTI9_5_IRQHandler                       0x080002af   Thumb Code     0  startup_stm32f429xx.o(.text)
    FLASH_IRQHandler                         0x080002af   Thumb Code     0  startup_stm32f429xx.o(.text)
    FMC_IRQHandler                           0x080002af   Thumb Code     0  startup_stm32f429xx.o(.text)
    FPU_IRQHandler                           0x080002af   Thumb Code     0  startup_stm32f429xx.o(.text)
    HASH_RNG_IRQHandler                      0x080002af   Thumb Code     0  startup_stm32f429xx.o(.text)
    I2C1_ER_IRQHandler                       0x080002af   Thumb Code     0  startup_stm32f429xx.o(.text)
    I2C1_EV_IRQHandler                       0x080002af   Thumb Code     0  startup_stm32f429xx.o(.text)
    I2C2_ER_IRQHandler                       0x080002af   Thumb Code     0  startup_stm32f429xx.o(.text)
    I2C2_EV_IRQHandler                       0x080002af   Thumb Code     0  startup_stm32f429xx.o(.text)
    I2C3_ER_IRQHandler                       0x080002af   Thumb Code     0  startup_stm32f429xx.o(.text)
    I2C3_EV_IRQHandler                       0x080002af   Thumb Code     0  startup_stm32f429xx.o(.text)
    LTDC_ER_IRQHandler                       0x080002af   Thumb Code     0  startup_stm32f429xx.o(.text)
    LTDC_IRQHandler                          0x080002af   Thumb Code     0  startup_stm32f429xx.o(.text)
    OTG_FS_IRQHandler                        0x080002af   Thumb Code     0  startup_stm32f429xx.o(.text)
    OTG_FS_WKUP_IRQHandler                   0x080002af   Thumb Code     0  startup_stm32f429xx.o(.text)
    OTG_HS_EP1_IN_IRQHandler                 0x080002af   Thumb Code     0  startup_stm32f429xx.o(.text)
    OTG_HS_EP1_OUT_IRQHandler                0x080002af   Thumb Code     0  startup_stm32f429xx.o(.text)
    OTG_HS_IRQHandler                        0x080002af   Thumb Code     0  startup_stm32f429xx.o(.text)
    OTG_HS_WKUP_IRQHandler                   0x080002af   Thumb Code     0  startup_stm32f429xx.o(.text)
    PVD_IRQHandler                           0x080002af   Thumb Code     0  startup_stm32f429xx.o(.text)
    RCC_IRQHandler                           0x080002af   Thumb Code     0  startup_stm32f429xx.o(.text)
    RTC_Alarm_IRQHandler                     0x080002af   Thumb Code     0  startup_stm32f429xx.o(.text)
    RTC_WKUP_IRQHandler                      0x080002af   Thumb Code     0  startup_stm32f429xx.o(.text)
    SAI1_IRQHandler                          0x080002af   Thumb Code     0  startup_stm32f429xx.o(.text)
    SDIO_IRQHandler                          0x080002af   Thumb Code     0  startup_stm32f429xx.o(.text)
    SPI1_IRQHandler                          0x080002af   Thumb Code     0  startup_stm32f429xx.o(.text)
    SPI2_IRQHandler                          0x080002af   Thumb Code     0  startup_stm32f429xx.o(.text)
    SPI3_IRQHandler                          0x080002af   Thumb Code     0  startup_stm32f429xx.o(.text)
    SPI4_IRQHandler                          0x080002af   Thumb Code     0  startup_stm32f429xx.o(.text)
    SPI5_IRQHandler                          0x080002af   Thumb Code     0  startup_stm32f429xx.o(.text)
    SPI6_IRQHandler                          0x080002af   Thumb Code     0  startup_stm32f429xx.o(.text)
    TAMP_STAMP_IRQHandler                    0x080002af   Thumb Code     0  startup_stm32f429xx.o(.text)
    TIM1_BRK_TIM9_IRQHandler                 0x080002af   Thumb Code     0  startup_stm32f429xx.o(.text)
    TIM1_CC_IRQHandler                       0x080002af   Thumb Code     0  startup_stm32f429xx.o(.text)
    TIM1_TRG_COM_TIM11_IRQHandler            0x080002af   Thumb Code     0  startup_stm32f429xx.o(.text)
    TIM1_UP_TIM10_IRQHandler                 0x080002af   Thumb Code     0  startup_stm32f429xx.o(.text)
    TIM2_IRQHandler                          0x080002af   Thumb Code     0  startup_stm32f429xx.o(.text)
    TIM3_IRQHandler                          0x080002af   Thumb Code     0  startup_stm32f429xx.o(.text)
    TIM4_IRQHandler                          0x080002af   Thumb Code     0  startup_stm32f429xx.o(.text)
    TIM5_IRQHandler                          0x080002af   Thumb Code     0  startup_stm32f429xx.o(.text)
    TIM6_DAC_IRQHandler                      0x080002af   Thumb Code     0  startup_stm32f429xx.o(.text)
    TIM7_IRQHandler                          0x080002af   Thumb Code     0  startup_stm32f429xx.o(.text)
    TIM8_BRK_TIM12_IRQHandler                0x080002af   Thumb Code     0  startup_stm32f429xx.o(.text)
    TIM8_CC_IRQHandler                       0x080002af   Thumb Code     0  startup_stm32f429xx.o(.text)
    TIM8_TRG_COM_TIM14_IRQHandler            0x080002af   Thumb Code     0  startup_stm32f429xx.o(.text)
    TIM8_UP_TIM13_IRQHandler                 0x080002af   Thumb Code     0  startup_stm32f429xx.o(.text)
    UART4_IRQHandler                         0x080002af   Thumb Code     0  startup_stm32f429xx.o(.text)
    UART5_IRQHandler                         0x080002af   Thumb Code     0  startup_stm32f429xx.o(.text)
    UART7_IRQHandler                         0x080002af   Thumb Code     0  startup_stm32f429xx.o(.text)
    UART8_IRQHandler                         0x080002af   Thumb Code     0  startup_stm32f429xx.o(.text)
    USART1_IRQHandler                        0x080002af   Thumb Code     0  startup_stm32f429xx.o(.text)
    USART2_IRQHandler                        0x080002af   Thumb Code     0  startup_stm32f429xx.o(.text)
    USART3_IRQHandler                        0x080002af   Thumb Code     0  startup_stm32f429xx.o(.text)
    USART6_IRQHandler                        0x080002af   Thumb Code     0  startup_stm32f429xx.o(.text)
    WWDG_IRQHandler                          0x080002af   Thumb Code     0  startup_stm32f429xx.o(.text)
    __user_initial_stackheap                 0x080002b1   Thumb Code     0  startup_stm32f429xx.o(.text)
    __use_two_region_memory                  0x080002d5   Thumb Code     2  heapauxi.o(.text)
    __rt_heap_escrow$2region                 0x080002d7   Thumb Code     2  heapauxi.o(.text)
    __rt_heap_expand$2region                 0x080002d9   Thumb Code     2  heapauxi.o(.text)
    __user_setup_stackheap                   0x080002db   Thumb Code    74  sys_stackheap_outer.o(.text)
    exit                                     0x08000325   Thumb Code    18  exit.o(.text)
    __user_libspace                          0x08000339   Thumb Code     8  libspace.o(.text)
    __user_perproc_libspace                  0x08000339   Thumb Code     0  libspace.o(.text)
    __user_perthread_libspace                0x08000339   Thumb Code     0  libspace.o(.text)
    _sys_exit                                0x08000341   Thumb Code     8  sys_exit.o(.text)
    __I$use$semihosting                      0x0800034d   Thumb Code     0  use_no_semi.o(.text)
    __use_no_semihosting_swi                 0x0800034d   Thumb Code     2  use_no_semi.o(.text)
    __semihosting_library_function           0x0800034f   Thumb Code     0  indicate_semi.o(.text)
    BSP_LED_Init                             0x08000351   Thumb Code    42  stm32f4_rtos_bsp.o(.text.BSP_LED_Init)
    BSP_LED_blueOff                          0x0800037d   Thumb Code    18  stm32f4_rtos_bsp.o(.text.BSP_LED_blueOff)
    BSP_LED_blueOn                           0x08000391   Thumb Code    18  stm32f4_rtos_bsp.o(.text.BSP_LED_blueOn)
    BSP_LED_orangeOff                        0x080003a5   Thumb Code    18  stm32f4_rtos_bsp.o(.text.BSP_LED_orangeOff)
    BSP_LED_orangeOn                         0x080003b9   Thumb Code    18  stm32f4_rtos_bsp.o(.text.BSP_LED_orangeOn)
    BSP_LED_redOff                           0x080003cd   Thumb Code    18  stm32f4_rtos_bsp.o(.text.BSP_LED_redOff)
    BSP_LED_redOn                            0x080003e1   Thumb Code    18  stm32f4_rtos_bsp.o(.text.BSP_LED_redOn)
    SysTick_Handler                          0x080003f5   Thumb Code    16  oskernel.o(.text.SysTick_Handler)
    SystemInit                               0x08000405   Thumb Code    86  system_stm32f4xx.o(.text.SystemInit)
    Task0                                    0x0800045d   Thumb Code    28  main.o(.text.Task0)
    Task1                                    0x08000479   Thumb Code    70  main.o(.text.Task1)
    Task2                                    0x080004c1   Thumb Code    70  main.o(.text.Task2)
    UART5_Init                               0x08000509   Thumb Code   166  stm32f4_rtos_bsp.o(.text.UART5_Init)
    UART5_SendString                         0x080005b1   Thumb Code    78  stm32f4_rtos_bsp.o(.text.UART5_SendString)
    main                                     0x08000601   Thumb Code    80  main.o(.text.main)
    osKernelAddThreads                       0x08000651   Thumb Code   332  oskernel.o(.text.osKernelAddThreads)
    osKernelInit                             0x0800079d   Thumb Code    16  oskernel.o(.text.osKernelInit)
    osKernelLaunch                           0x080007ad   Thumb Code    52  oskernel.o(.text.osKernelLaunch)
    osSchedulerRoundRobin                    0x080007e1   Thumb Code    44  oskernel.o(.text.osSchedulerRoundRobin)
    osSemaphoreInit                          0x0800080d   Thumb Code     4  oskernel.o(.text.osSemaphoreInit)
    osSignalSet                              0x08000811   Thumb Code    12  oskernel.o(.text.osSignalSet)
    osSignalWait                             0x0800081d   Thumb Code    26  oskernel.o(.text.osSignalWait)
    periodic_Task                            0x08000839   Thumb Code    32  main.o(.text.periodic_Task)
    _fp_init                                 0x08000859   Thumb Code    26  fpinit.o(x$fpl$fpinit)
    __fplib_config_fpu_vfp                   0x08000871   Thumb Code     0  fpinit.o(x$fpl$fpinit)
    __fplib_config_pureend_doubles           0x08000871   Thumb Code     0  fpinit.o(x$fpl$fpinit)
    Region$$Table$$Base                      0x08000874   Number         0  anon$$obj.o(Region$$Table)
    Region$$Table$$Limit                     0x08000894   Number         0  anon$$obj.o(Region$$Table)
    task1_arr                                0x20000000   Data          23  main.o(.data.task1_arr)
    task2_arr                                0x20000017   Data          23  main.o(.data.task2_arr)
    __libspace_start                         0x20000030   Data          96  libspace.o(.bss)
    MILLIS_PRESCALER                         0x20000090   Data           4  oskernel.o(.bss.MILLIS_PRESCALER)
    __temporary_stack_top$libspace           0x20000090   Data           0  libspace.o(.bss)
    Period_Tick                              0x20000094   Data           4  oskernel.o(.bss.Period_Tick)
    Semphor1                                 0x20000098   Data           4  main.o(.bss.Semphor1)
    Semphor2                                 0x2000009c   Data           4  main.o(.bss.Semphor2)
    TCB_STACK                                0x200000a0   Data        1200  oskernel.o(.bss.TCB_STACK)
    count0                                   0x20000550   Data           4  main.o(.bss.count0)
    count1                                   0x20000554   Data           4  main.o(.bss.count1)
    count2                                   0x20000558   Data           4  main.o(.bss.count2)
    currentPt                                0x2000055c   Data           4  oskernel.o(.bss.currentPt)
    periodic_count                           0x20000560   Data           4  main.o(.bss.periodic_count)
    tcbs                                     0x20000564   Data          24  oskernel.o(.bss.tcbs)



==============================================================================

Memory Map of the image

  Image Entry point : 0x08000295

  Load Region LR_1 (Base: 0x08000000, Size: 0x000008c4, Max: 0xffffffff, ABSOLUTE)

    Execution Region ER_RO (Exec base: 0x08000000, Load base: 0x08000000, Size: 0x00000894, Max: 0xffffffff, ABSOLUTE)

    Exec Addr    Load Addr    Size         Type   Attr      Idx    E Section Name        Object

    0x08000000   0x08000000   0x000001ac   Data   RO          130    RESET               startup_stm32f429xx.o
    0x080001ac   0x080001ac   0x00000008   Code   RO          154  * !!!main             c_w.l(__main.o)
    0x080001b4   0x080001b4   0x00000034   Code   RO          319    !!!scatter          c_w.l(__scatter.o)
    0x080001e8   0x080001e8   0x0000001a   Code   RO          321    !!handler_copy      c_w.l(__scatter_copy.o)
    0x08000202   0x08000202   0x00000002   PAD
    0x08000204   0x08000204   0x0000001c   Code   RO          323    !!handler_zi        c_w.l(__scatter_zi.o)
    0x08000220   0x08000220   0x00000002   Code   RO          181    .ARM.Collect$$libinit$$00000000  c_w.l(libinit.o)
    0x08000222   0x08000222   0x00000004   Code   RO          187    .ARM.Collect$$libinit$$00000001  c_w.l(libinit2.o)
    0x08000226   0x08000226   0x00000000   Code   RO          190    .ARM.Collect$$libinit$$00000004  c_w.l(libinit2.o)
    0x08000226   0x08000226   0x00000000   Code   RO          192    .ARM.Collect$$libinit$$00000006  c_w.l(libinit2.o)
    0x08000226   0x08000226   0x00000000   Code   RO          195    .ARM.Collect$$libinit$$0000000C  c_w.l(libinit2.o)
    0x08000226   0x08000226   0x00000000   Code   RO          197    .ARM.Collect$$libinit$$0000000E  c_w.l(libinit2.o)
    0x08000226   0x08000226   0x00000000   Code   RO          199    .ARM.Collect$$libinit$$00000010  c_w.l(libinit2.o)
    0x08000226   0x08000226   0x00000000   Code   RO          202    .ARM.Collect$$libinit$$00000013  c_w.l(libinit2.o)
    0x08000226   0x08000226   0x00000000   Code   RO          204    .ARM.Collect$$libinit$$00000015  c_w.l(libinit2.o)
    0x08000226   0x08000226   0x00000000   Code   RO          206    .ARM.Collect$$libinit$$00000017  c_w.l(libinit2.o)
    0x08000226   0x08000226   0x00000000   Code   RO          208    .ARM.Collect$$libinit$$00000019  c_w.l(libinit2.o)
    0x08000226   0x08000226   0x00000000   Code   RO          210    .ARM.Collect$$libinit$$0000001B  c_w.l(libinit2.o)
    0x08000226   0x08000226   0x00000000   Code   RO          212    .ARM.Collect$$libinit$$0000001D  c_w.l(libinit2.o)
    0x08000226   0x08000226   0x00000000   Code   RO          214    .ARM.Collect$$libinit$$0000001F  c_w.l(libinit2.o)
    0x08000226   0x08000226   0x00000000   Code   RO          216    .ARM.Collect$$libinit$$00000021  c_w.l(libinit2.o)
    0x08000226   0x08000226   0x00000000   Code   RO          218    .ARM.Collect$$libinit$$00000023  c_w.l(libinit2.o)
    0x08000226   0x08000226   0x00000000   Code   RO          220    .ARM.Collect$$libinit$$00000025  c_w.l(libinit2.o)
    0x08000226   0x08000226   0x00000000   Code   RO          222    .ARM.Collect$$libinit$$00000027  c_w.l(libinit2.o)
    0x08000226   0x08000226   0x00000000   Code   RO          226    .ARM.Collect$$libinit$$0000002E  c_w.l(libinit2.o)
    0x08000226   0x08000226   0x00000000   Code   RO          228    .ARM.Collect$$libinit$$00000030  c_w.l(libinit2.o)
    0x08000226   0x08000226   0x00000000   Code   RO          230    .ARM.Collect$$libinit$$00000032  c_w.l(libinit2.o)
    0x08000226   0x08000226   0x00000000   Code   RO          232    .ARM.Collect$$libinit$$00000034  c_w.l(libinit2.o)
    0x08000226   0x08000226   0x00000002   Code   RO          233    .ARM.Collect$$libinit$$00000035  c_w.l(libinit2.o)
    0x08000228   0x08000228   0x00000002   Code   RO          255    .ARM.Collect$$libshutdown$$00000000  c_w.l(libshutdown.o)
    0x0800022a   0x0800022a   0x00000000   Code   RO          270    .ARM.Collect$$libshutdown$$00000002  c_w.l(libshutdown2.o)
    0x0800022a   0x0800022a   0x00000000   Code   RO          272    .ARM.Collect$$libshutdown$$00000004  c_w.l(libshutdown2.o)
    0x0800022a   0x0800022a   0x00000000   Code   RO          275    .ARM.Collect$$libshutdown$$00000007  c_w.l(libshutdown2.o)
    0x0800022a   0x0800022a   0x00000000   Code   RO          278    .ARM.Collect$$libshutdown$$0000000A  c_w.l(libshutdown2.o)
    0x0800022a   0x0800022a   0x00000000   Code   RO          280    .ARM.Collect$$libshutdown$$0000000C  c_w.l(libshutdown2.o)
    0x0800022a   0x0800022a   0x00000000   Code   RO          283    .ARM.Collect$$libshutdown$$0000000F  c_w.l(libshutdown2.o)
    0x0800022a   0x0800022a   0x00000002   Code   RO          284    .ARM.Collect$$libshutdown$$00000010  c_w.l(libshutdown2.o)
    0x0800022c   0x0800022c   0x00000000   Code   RO          156    .ARM.Collect$$rtentry$$00000000  c_w.l(__rtentry.o)
    0x0800022c   0x0800022c   0x00000000   Code   RO          158    .ARM.Collect$$rtentry$$00000002  c_w.l(__rtentry2.o)
    0x0800022c   0x0800022c   0x00000006   Code   RO          170    .ARM.Collect$$rtentry$$00000004  c_w.l(__rtentry4.o)
    0x08000232   0x08000232   0x00000000   Code   RO          160    .ARM.Collect$$rtentry$$00000009  c_w.l(__rtentry2.o)
    0x08000232   0x08000232   0x00000004   Code   RO          161    .ARM.Collect$$rtentry$$0000000A  c_w.l(__rtentry2.o)
    0x08000236   0x08000236   0x00000000   Code   RO          163    .ARM.Collect$$rtentry$$0000000C  c_w.l(__rtentry2.o)
    0x08000236   0x08000236   0x00000008   Code   RO          164    .ARM.Collect$$rtentry$$0000000D  c_w.l(__rtentry2.o)
    0x0800023e   0x0800023e   0x00000002   Code   RO          185    .ARM.Collect$$rtexit$$00000000  c_w.l(rtexit.o)
    0x08000240   0x08000240   0x00000000   Code   RO          235    .ARM.Collect$$rtexit$$00000002  c_w.l(rtexit2.o)
    0x08000240   0x08000240   0x00000004   Code   RO          236    .ARM.Collect$$rtexit$$00000003  c_w.l(rtexit2.o)
    0x08000244   0x08000244   0x00000006   Code   RO          237    .ARM.Collect$$rtexit$$00000004  c_w.l(rtexit2.o)
    0x0800024a   0x0800024a   0x00000002   PAD
    0x0800024c   0x0800024c   0x00000048   Code   RO           34    .text               oskernel_1.o
    0x08000294   0x08000294   0x00000040   Code   RO          131  * .text               startup_stm32f429xx.o
    0x080002d4   0x080002d4   0x00000006   Code   RO          152    .text               c_w.l(heapauxi.o)
    0x080002da   0x080002da   0x0000004a   Code   RO          172    .text               c_w.l(sys_stackheap_outer.o)
    0x08000324   0x08000324   0x00000012   Code   RO          174    .text               c_w.l(exit.o)
    0x08000336   0x08000336   0x00000002   PAD
    0x08000338   0x08000338   0x00000008   Code   RO          182    .text               c_w.l(libspace.o)
    0x08000340   0x08000340   0x0000000c   Code   RO          245    .text               c_w.l(sys_exit.o)
    0x0800034c   0x0800034c   0x00000002   Code   RO          260    .text               c_w.l(use_no_semi.o)
    0x0800034e   0x0800034e   0x00000000   Code   RO          262    .text               c_w.l(indicate_semi.o)
    0x0800034e   0x0800034e   0x00000002   PAD
    0x08000350   0x08000350   0x0000002a   Code   RO           89    .text.BSP_LED_Init  stm32f4_rtos_bsp.o
    0x0800037a   0x0800037a   0x00000002   PAD
    0x0800037c   0x0800037c   0x00000012   Code   RO           93    .text.BSP_LED_blueOff  stm32f4_rtos_bsp.o
    0x0800038e   0x0800038e   0x00000002   PAD
    0x08000390   0x08000390   0x00000012   Code   RO           91    .text.BSP_LED_blueOn  stm32f4_rtos_bsp.o
    0x080003a2   0x080003a2   0x00000002   PAD
    0x080003a4   0x080003a4   0x00000012   Code   RO           97    .text.BSP_LED_orangeOff  stm32f4_rtos_bsp.o
    0x080003b6   0x080003b6   0x00000002   PAD
    0x080003b8   0x080003b8   0x00000012   Code   RO           95    .text.BSP_LED_orangeOn  stm32f4_rtos_bsp.o
    0x080003ca   0x080003ca   0x00000002   PAD
    0x080003cc   0x080003cc   0x00000012   Code   RO          105    .text.BSP_LED_redOff  stm32f4_rtos_bsp.o
    0x080003de   0x080003de   0x00000002   PAD
    0x080003e0   0x080003e0   0x00000012   Code   RO          103    .text.BSP_LED_redOn  stm32f4_rtos_bsp.o
    0x080003f2   0x080003f2   0x00000002   PAD
    0x080003f4   0x080003f4   0x00000010   Code   RO           12    .text.SysTick_Handler  oskernel.o
    0x08000404   0x08000404   0x00000056   Code   RO          136    .text.SystemInit    system_stm32f4xx.o
    0x0800045a   0x0800045a   0x00000002   PAD
    0x0800045c   0x0800045c   0x0000001c   Code   RO           40    .text.Task0         main.o
    0x08000478   0x08000478   0x00000046   Code   RO           44    .text.Task1         main.o
    0x080004be   0x080004be   0x00000002   PAD
    0x080004c0   0x080004c0   0x00000046   Code   RO           46    .text.Task2         main.o
    0x08000506   0x08000506   0x00000002   PAD
    0x08000508   0x08000508   0x000000a6   Code   RO          115    .text.UART5_Init    stm32f4_rtos_bsp.o
    0x080005ae   0x080005ae   0x00000002   PAD
    0x080005b0   0x080005b0   0x0000004e   Code   RO          119    .text.UART5_SendString  stm32f4_rtos_bsp.o
    0x080005fe   0x080005fe   0x00000002   PAD
    0x08000600   0x08000600   0x00000050   Code   RO           48    .text.main          main.o
    0x08000650   0x08000650   0x0000014c   Code   RO            4    .text.osKernelAddThreads  oskernel.o
    0x0800079c   0x0800079c   0x00000010   Code   RO            6    .text.osKernelInit  oskernel.o
    0x080007ac   0x080007ac   0x00000034   Code   RO            8    .text.osKernelLaunch  oskernel.o
    0x080007e0   0x080007e0   0x0000002c   Code   RO           14    .text.osSchedulerRoundRobin  oskernel.o
    0x0800080c   0x0800080c   0x00000004   Code   RO           16    .text.osSemaphoreInit  oskernel.o
    0x08000810   0x08000810   0x0000000c   Code   RO           18    .text.osSignalSet   oskernel.o
    0x0800081c   0x0800081c   0x0000001a   Code   RO           20    .text.osSignalWait  oskernel.o
    0x08000836   0x08000836   0x00000002   PAD
    0x08000838   0x08000838   0x00000020   Code   RO           42    .text.periodic_Task  main.o
    0x08000858   0x08000858   0x0000001a   Code   RO          243    x$fpl$fpinit        fz_wm.l(fpinit.o)
    0x08000872   0x08000872   0x00000002   PAD
    0x08000874   0x08000874   0x00000020   Data   RO          318    Region$$Table       anon$$obj.o


    Execution Region ER_RW (Exec base: 0x20000000, Load base: 0x08000894, Size: 0x00000030, Max: 0xffffffff, ABSOLUTE)

    Exec Addr    Load Addr    Size         Type   Attr      Idx    E Section Name        Object

    0x20000000   0x08000894   0x00000017   Data   RW           50    .data.task1_arr     main.o
    0x20000017   0x080008ab   0x00000017   Data   RW           51    .data.task2_arr     main.o


    Execution Region ER_ZI (Exec base: 0x20000030, Load base: 0x080008c4, Size: 0x00000b50, Max: 0xffffffff, ABSOLUTE)

    Exec Addr    Load Addr    Size         Type   Attr      Idx    E Section Name        Object

    0x20000030        -       0x00000060   Zero   RW          183    .bss                c_w.l(libspace.o)
    0x20000090        -       0x00000004   Zero   RW           25    .bss.MILLIS_PRESCALER  oskernel.o
    0x20000094        -       0x00000004   Zero   RW           26    .bss.Period_Tick    oskernel.o
    0x20000098        -       0x00000004   Zero   RW           54    .bss.Semphor1       main.o
    0x2000009c        -       0x00000004   Zero   RW           55    .bss.Semphor2       main.o
    0x200000a0        -       0x000004b0   Zero   RW           22    .bss.TCB_STACK      oskernel.o
    0x20000550        -       0x00000004   Zero   RW           52    .bss.count0         main.o
    0x20000554        -       0x00000004   Zero   RW           56    .bss.count1         main.o
    0x20000558        -       0x00000004   Zero   RW           57    .bss.count2         main.o
    0x2000055c        -       0x00000004   Zero   RW           24    .bss.currentPt      oskernel.o
    0x20000560        -       0x00000004   Zero   RW           53    .bss.periodic_count  main.o
    0x20000564        -       0x00000018   Zero   RW           23    .bss.tcbs           oskernel.o
    0x2000057c   0x080008c4   0x00000004   PAD
    0x20000580        -       0x00000200   Zero   RW          129    HEAP                startup_stm32f429xx.o
    0x20000780        -       0x00000400   Zero   RW          128    STACK               startup_stm32f429xx.o


==============================================================================

Image component sizes


      Code (inc. data)   RO Data    RW Data    ZI Data      Debug   Object Name

       280          0          0         46         24       1357   main.o
       502          0          0          0       1236       3651   oskernel.o
        72          4          0          0          0        296   oskernel_1.o
        64         26        428          0       1536        892   startup_stm32f429xx.o
       394          0          0          0          0       8259   stm32f4_rtos_bsp.o
        86          0          0          0          0       2825   system_stm32f4xx.o

    ----------------------------------------------------------------------
      1424         30        460         48       2800      17280   Object Totals
         0          0         32          0          0          0   (incl. Generated)
        26          0          0          2          4          0   (incl. Padding)

    ----------------------------------------------------------------------

      Code (inc. data)   RO Data    RW Data    ZI Data      Debug   Library Member Name

         8          0          0          0          0         68   __main.o
         0          0          0          0          0          0   __rtentry.o
        12          0          0          0          0          0   __rtentry2.o
         6          0          0          0          0          0   __rtentry4.o
        52          8          0          0          0          0   __scatter.o
        26          0          0          0          0          0   __scatter_copy.o
        28          0          0          0          0          0   __scatter_zi.o
        18          0          0          0          0         80   exit.o
         6          0          0          0          0        152   heapauxi.o
         0          0          0          0          0          0   indicate_semi.o
         2          0          0          0          0          0   libinit.o
         6          0          0          0          0          0   libinit2.o
         2          0          0          0          0          0   libshutdown.o
         2          0          0          0          0          0   libshutdown2.o
         8          4          0          0         96         68   libspace.o
         2          0          0          0          0          0   rtexit.o
        10          0          0          0          0          0   rtexit2.o
        12          4          0          0          0         68   sys_exit.o
        74          0          0          0          0         80   sys_stackheap_outer.o
         2          0          0          0          0         68   use_no_semi.o
        26          0          0          0          0        116   fpinit.o

    ----------------------------------------------------------------------
       312         16          0          0         96        700   Library Totals
        10          0          0          0          0          0   (incl. Padding)

    ----------------------------------------------------------------------

      Code (inc. data)   RO Data    RW Data    ZI Data      Debug   Library Name

       276         16          0          0         96        584   c_w.l
        26          0          0          0          0        116   fz_wm.l

    ----------------------------------------------------------------------
       312         16          0          0         96        700   Library Totals

    ----------------------------------------------------------------------

==============================================================================


      Code (inc. data)   RO Data    RW Data    ZI Data      Debug   

      1736         46        460         48       2896      17764   Grand Totals
      1736         46        460         48       2896      17764   ELF Image Totals
      1736         46        460         48          0          0   ROM Totals

==============================================================================

    Total RO  Size (Code + RO Data)                 2196 (   2.14kB)
    Total RW  Size (RW Data + ZI Data)              2944 (   2.88kB)
    Total ROM Size (Code + RO Data + RW Data)       2244 (   2.19kB)

==============================================================================

